{1.1 , REALNUM , 1}
{0.0 , REALNUM , 2}
{11.11 , REALNUM , 3}
{ , END_OF_FILE , 3}