{ABCDEF1324325x16as , ID , 1}
{ABCDEFGx016 , ID , 2}
{ , END_OF_FILE , 2}